current directory: /home/mutsumi/projects/rails-tutorial/sample_app2/vendor/bundle/ruby/3.2.0/gems/jaro_winkler-1.6.1/ext/jaro_winkler
/home/mutsumi/.rbenv/versions/3.2.8/bin/ruby extconf.rb
checking for whether -std=c99 is accepted as CFLAGS... yes
creating Makefile

current directory: /home/mutsumi/projects/rails-tutorial/sample_app2/vendor/bundle/ruby/3.2.0/gems/jaro_winkler-1.6.1/ext/jaro_winkler
make DESTDIR\= sitearchdir\=./.gem.20250806-61233-l22qgs sitelibdir\=./.gem.20250806-61233-l22qgs clean

current directory: /home/mutsumi/projects/rails-tutorial/sample_app2/vendor/bundle/ruby/3.2.0/gems/jaro_winkler-1.6.1/ext/jaro_winkler
make DESTDIR\= sitearchdir\=./.gem.20250806-61233-l22qgs sitelibdir\=./.gem.20250806-61233-l22qgs
compiling adj_matrix.c
adj_matrix.c: In function ‘adj_matrix_default’:
adj_matrix.c:82:12: warning: old-style function definition [-Wold-style-definition]
   82 | AdjMatrix *adj_matrix_default() {
      |            ^~~~~~~~~~~~~~~~~~
At top level:
cc1: note: unrecognized command-line option ‘-Wno-self-assign’ may have been intended to silence earlier diagnostics
cc1: note: unrecognized command-line option ‘-Wno-parentheses-equality’ may have been intended to silence earlier diagnostics
cc1: note: unrecognized command-line option ‘-Wno-constant-logical-operand’ may have been intended to silence earlier diagnostics
compiling codepoints.c
compiling jaro.c
compiling jaro_winkler.c
linking shared-object jaro_winkler/jaro_winkler_ext.so

current directory: /home/mutsumi/projects/rails-tutorial/sample_app2/vendor/bundle/ruby/3.2.0/gems/jaro_winkler-1.6.1/ext/jaro_winkler
make DESTDIR\= sitearchdir\=./.gem.20250806-61233-l22qgs sitelibdir\=./.gem.20250806-61233-l22qgs install
/usr/bin/install -c -m 0755 jaro_winkler_ext.so ./.gem.20250806-61233-l22qgs/jaro_winkler

current directory: /home/mutsumi/projects/rails-tutorial/sample_app2/vendor/bundle/ruby/3.2.0/gems/jaro_winkler-1.6.1/ext/jaro_winkler
make DESTDIR\= sitearchdir\=./.gem.20250806-61233-l22qgs sitelibdir\=./.gem.20250806-61233-l22qgs clean
