current directory: /home/mutsumi/projects/rails-tutorial/sample_app2/vendor/bundle/ruby/3.2.0/gems/prism-0.19.0/ext/prism
/home/mutsumi/.rbenv/versions/3.2.8/bin/ruby extconf.rb
checking for prism.h in /home/mutsumi/projects/rails-tutorial/sample_app2/vendor/bundle/ruby/3.2.0/gems/prism-0.19.0/include... yes
checking for prism/extension.h in /home/mutsumi/projects/rails-tutorial/sample_app2/vendor/bundle/ruby/3.2.0/gems/prism-0.19.0/ext... yes
checking for whether -fvisibility=hidden is accepted as CFLAGS... yes
compiling build/static/regexp.o
compiling build/static/prism.o
compiling build/static/pack.o
compiling build/static/node.o
compiling build/static/serialize.o
compiling build/static/prettyprint.o
compiling build/static/diagnostic.o
compiling build/static/encoding.o
compiling build/static/token_type.o
compiling build/static/util/pm_state_stack.o
compiling build/static/util/pm_strncasecmp.o
compiling build/static/util/pm_list.o
compiling build/static/util/pm_char.o
compiling build/static/util/pm_string.o
compiling build/static/util/pm_memchr.o
compiling build/static/util/pm_constant_pool.o
compiling build/static/util/pm_strpbrk.o
compiling build/static/util/pm_buffer.o
compiling build/static/util/pm_newline_list.o
compiling build/static/util/pm_string_list.o
compiling build/static/options.o
building build/libprism.a
ar: build/libprism.a を作成しています
creating Makefile

current directory: /home/mutsumi/projects/rails-tutorial/sample_app2/vendor/bundle/ruby/3.2.0/gems/prism-0.19.0/ext/prism
make DESTDIR\= sitearchdir\=./.gem.20250806-61233-8x7fdb sitelibdir\=./.gem.20250806-61233-8x7fdb clean

current directory: /home/mutsumi/projects/rails-tutorial/sample_app2/vendor/bundle/ruby/3.2.0/gems/prism-0.19.0/ext/prism
make DESTDIR\= sitearchdir\=./.gem.20250806-61233-8x7fdb sitelibdir\=./.gem.20250806-61233-8x7fdb
compiling api_node.c
compiling api_pack.c
compiling extension.c
linking shared-object prism/prism.so

current directory: /home/mutsumi/projects/rails-tutorial/sample_app2/vendor/bundle/ruby/3.2.0/gems/prism-0.19.0/ext/prism
make DESTDIR\= sitearchdir\=./.gem.20250806-61233-8x7fdb sitelibdir\=./.gem.20250806-61233-8x7fdb install
/usr/bin/install -c -m 0755 prism.so ./.gem.20250806-61233-8x7fdb/prism

current directory: /home/mutsumi/projects/rails-tutorial/sample_app2/vendor/bundle/ruby/3.2.0/gems/prism-0.19.0/ext/prism
make DESTDIR\= sitearchdir\=./.gem.20250806-61233-8x7fdb sitelibdir\=./.gem.20250806-61233-8x7fdb clean
