current directory: /home/mutsumi/projects/rails-tutorial/sample_app2/vendor/bundle/ruby/3.2.0/gems/rbs-3.9.4/ext/rbs_extension
/home/mutsumi/.rbenv/versions/3.2.8/bin/ruby extconf.rb
checking for whether -std=gnu99 is accepted as CFLAGS... yes
creating Makefile

current directory: /home/mutsumi/projects/rails-tutorial/sample_app2/vendor/bundle/ruby/3.2.0/gems/rbs-3.9.4/ext/rbs_extension
make DESTDIR\= sitearchdir\=./.gem.20250806-61233-4wuj1s sitelibdir\=./.gem.20250806-61233-4wuj1s clean

current directory: /home/mutsumi/projects/rails-tutorial/sample_app2/vendor/bundle/ruby/3.2.0/gems/rbs-3.9.4/ext/rbs_extension
make DESTDIR\= sitearchdir\=./.gem.20250806-61233-4wuj1s sitelibdir\=./.gem.20250806-61233-4wuj1s
compiling ./../../src/constants.c
compiling ./../../src/ruby_objs.c
compiling ./../../src/util/rbs_constant_pool.c
compiling lexer.c
compiling lexstate.c
compiling location.c
compiling main.c
main.c: In function ‘Init_rbs_extension’:
main.c:24:3: warning: multi-line comment [-Wcomment]
   24 |   // grep -o 'INTERN("\([^"]*\)")' ext/rbs_extension/parser.c \
      |   ^
At top level:
cc1: note: unrecognized command-line option ‘-Wno-self-assign’ may have been intended to silence earlier diagnostics
cc1: note: unrecognized command-line option ‘-Wno-parentheses-equality’ may have been intended to silence earlier diagnostics
cc1: note: unrecognized command-line option ‘-Wno-constant-logical-operand’ may have been intended to silence earlier diagnostics
compiling parser.c
compiling parserstate.c
compiling unescape.c
linking shared-object rbs_extension.so

current directory: /home/mutsumi/projects/rails-tutorial/sample_app2/vendor/bundle/ruby/3.2.0/gems/rbs-3.9.4/ext/rbs_extension
make DESTDIR\= sitearchdir\=./.gem.20250806-61233-4wuj1s sitelibdir\=./.gem.20250806-61233-4wuj1s install
/usr/bin/install -c -m 0755 rbs_extension.so ./.gem.20250806-61233-4wuj1s

current directory: /home/mutsumi/projects/rails-tutorial/sample_app2/vendor/bundle/ruby/3.2.0/gems/rbs-3.9.4/ext/rbs_extension
make DESTDIR\= sitearchdir\=./.gem.20250806-61233-4wuj1s sitelibdir\=./.gem.20250806-61233-4wuj1s clean
