current directory: /home/mutsumi/projects/rails-tutorial/sample_app2/vendor/bundle/ruby/3.2.0/gems/json-2.13.2/ext/json/ext/parser
/home/mutsumi/.rbenv/versions/3.2.8/bin/ruby extconf.rb
checking for rb_enc_interned_str() in ruby/encoding.h... yes
checking for rb_hash_new_capa() in ruby.h... yes
checking for rb_hash_bulk_insert() in ruby.h... yes
checking for strnlen() in string.h... yes
checking for whether -std=c99 is accepted as CFLAGS... yes
checking for arm_neon.h... yes
checking for cpuid.h... no
creating Makefile

current directory: /home/mutsumi/projects/rails-tutorial/sample_app2/vendor/bundle/ruby/3.2.0/gems/json-2.13.2/ext/json/ext/parser
make DESTDIR\= sitearchdir\=./.gem.20250806-61233-v4obqz sitelibdir\=./.gem.20250806-61233-v4obqz clean

current directory: /home/mutsumi/projects/rails-tutorial/sample_app2/vendor/bundle/ruby/3.2.0/gems/json-2.13.2/ext/json/ext/parser
make DESTDIR\= sitearchdir\=./.gem.20250806-61233-v4obqz sitelibdir\=./.gem.20250806-61233-v4obqz
compiling parser.c
linking shared-object json/ext/parser.so

current directory: /home/mutsumi/projects/rails-tutorial/sample_app2/vendor/bundle/ruby/3.2.0/gems/json-2.13.2/ext/json/ext/parser
make DESTDIR\= sitearchdir\=./.gem.20250806-61233-v4obqz sitelibdir\=./.gem.20250806-61233-v4obqz install
/usr/bin/install -c -m 0755 parser.so ./.gem.20250806-61233-v4obqz/json/ext

current directory: /home/mutsumi/projects/rails-tutorial/sample_app2/vendor/bundle/ruby/3.2.0/gems/json-2.13.2/ext/json/ext/parser
make DESTDIR\= sitearchdir\=./.gem.20250806-61233-v4obqz sitelibdir\=./.gem.20250806-61233-v4obqz clean
